// Jest Snapshot v1, https://goo.gl/fbAQLP

exports[`Test TodoAdd Test TodoAdd create snapshot 1`] = `
<div
  className="col-4"
>
  <h2>
    Add Todo
  </h2>
  <hr />
  <form
    onSubmit={[Function]}
  >
    <input
      className="form-control"
      name="todoDesc"
      onChange={[Function]}
      placeholder="write todo description"
      type="text"
      value=""
    />
    <button
      className="btn btn-success form-control mt-2 ms-0"
      type="submit"
    >
      Add
    </button>
  </form>
</div>
`;
