// Jest Snapshot v1, https://goo.gl/fbAQLP

exports[`Testing TodoList Testing TodoList Snapshot 1`] = `
<div
  className="col-7"
>
  <ul
    className="list-group list-group-flush"
  >
    <TodoListItem
      handlerClickDelete={[MockFunction]}
      handlerClickDone={[MockFunction]}
      index={0}
      key="1"
      todo={
        Object {
          "desc": "Learn React",
          "done": false,
          "id": 1,
        }
      }
    />
    <TodoListItem
      handlerClickDelete={[MockFunction]}
      handlerClickDone={[MockFunction]}
      index={1}
      key="2"
      todo={
        Object {
          "desc": "Learn Root",
          "done": false,
          "id": 2,
        }
      }
    />
  </ul>
</div>
`;
